Sample	Filename	File type	Encoding	Total Sequences	Sequences flagged as poor quality	Sequence length	%GC	total_deduplicated_percentage	avg_sequence_length	basic_statistics	per_base_sequence_quality	per_tile_sequence_quality	per_sequence_quality_scores	per_base_sequence_content	per_sequence_gc_content	per_base_n_content	sequence_length_distribution	sequence_duplication_levels	overrepresented_sequences	adapter_content
84_S84_L001_R1_001	84_S84_L001_R1_001.fastq.gz	Conventional base calls	Sanger / Illumina 1.9	13000.0	0.0	60-301	33.0	12.730769230769232	228.6823076923077	pass	fail	pass	pass	fail	fail	pass	warn	fail	fail	pass
84_S84_L001_R2_001	84_S84_L001_R2_001.fastq.gz	Conventional base calls	Sanger / Illumina 1.9	13000.0	0.0	60-301	33.0	15.276923076923076	229.91084615384617	pass	fail	warn	pass	fail	fail	pass	warn	fail	fail	pass
92_S92_L001_R1_001	92_S92_L001_R1_001.fastq.gz	Conventional base calls	Sanger / Illumina 1.9	13000.0	0.0	38-301	40.0	8.915384615384616	223.94592307692307	pass	fail	pass	pass	fail	fail	pass	warn	fail	fail	pass
92_S92_L001_R2_001	92_S92_L001_R2_001.fastq.gz	Conventional base calls	Sanger / Illumina 1.9	13000.0	0.0	38-301	41.0	11.253846153846153	227.51123076923076	pass	fail	pass	pass	fail	fail	pass	warn	fail	fail	pass
