Sample	FastQC_mqc-generalstats-fastqc-percent_duplicates	FastQC_mqc-generalstats-fastqc-percent_gc	FastQC_mqc-generalstats-fastqc-avg_sequence_length	FastQC_mqc-generalstats-fastqc-percent_fails	FastQC_mqc-generalstats-fastqc-total_sequences
84_S84_L001_R1_001	87.26923076923077	33.0	228.6823076923077	45.45454545454545	13000.0
84_S84_L001_R2_001	84.72307692307692	33.0	229.91084615384617	45.45454545454545	13000.0
92_S92_L001_R1_001	91.08461538461539	40.0	223.94592307692307	45.45454545454545	13000.0
92_S92_L001_R2_001	88.74615384615385	41.0	227.51123076923076	45.45454545454545	13000.0
