trim_cut_S84_R1_bismark_bt2_pe.bam

Parameters used to extract methylation information:
Bismark Extractor Version: v0.22.3
Bismark result file: paired-end (SAM format)
Output specified: comprehensive
No overlapping methylation calls specified


Processed 9700 lines in total
Total number of methylation call strings processed: 19400

Final Cytosine Methylation Report
=================================
Total number of C's analysed:	613649

Total methylated C's in CpG context:	2576
Total methylated C's in CHG context:	3384
Total methylated C's in CHH context:	5562

Total C to T conversions in CpG context:	119193
Total C to T conversions in CHG context:	180597
Total C to T conversions in CHH context:	302337

C methylated in CpG context:	2.1%
C methylated in CHG context:	1.8%
C methylated in CHH context:	1.8%


