trim_cut_S92_R1_bismark_bt2_pe.bam

Parameters used to extract methylation information:
Bismark Extractor Version: v0.22.3
Bismark result file: paired-end (SAM format)
Output specified: comprehensive
No overlapping methylation calls specified


Processed 10753 lines in total
Total number of methylation call strings processed: 21506

Final Cytosine Methylation Report
=================================
Total number of C's analysed:	724130

Total methylated C's in CpG context:	153265
Total methylated C's in CHG context:	2428
Total methylated C's in CHH context:	1445

Total C to T conversions in CpG context:	3265
Total C to T conversions in CHG context:	219432
Total C to T conversions in CHH context:	344295

C methylated in CpG context:	97.9%
C methylated in CHG context:	1.1%
C methylated in CHH context:	0.4%


