Sample	Filename	File type	Encoding	Total Sequences	Sequences flagged as poor quality	Sequence length	%GC	total_deduplicated_percentage	avg_sequence_length	basic_statistics	per_base_sequence_quality	per_tile_sequence_quality	per_sequence_quality_scores	per_base_sequence_content	per_sequence_gc_content	per_base_n_content	sequence_length_distribution	sequence_duplication_levels	overrepresented_sequences	adapter_content
trim_cut_S84_R1	trim_cut_S84_R1.fastq.gz	Conventional base calls	Sanger / Illumina 1.9	10248.0	0.0	100-230	33.0	8.996877439500391	174.4673106947697	pass	pass	fail	pass	fail	fail	pass	warn	fail	fail	pass
trim_cut_S84_R2	trim_cut_S84_R2.fastq.gz	Conventional base calls	Sanger / Illumina 1.9	10248.0	0.0	100-230	32.0	9.962919594067134	178.43862217017954	pass	pass	fail	pass	fail	fail	pass	warn	fail	fail	pass
trim_cut_S92_R1	trim_cut_S92_R1.fastq.gz	Conventional base calls	Sanger / Illumina 1.9	11155.0	0.0	100-230	41.0	7.942626624831914	182.4739578664276	pass	pass	fail	pass	fail	fail	pass	warn	fail	fail	pass
trim_cut_S92_R2	trim_cut_S92_R2.fastq.gz	Conventional base calls	Sanger / Illumina 1.9	11155.0	0.0	100-230	41.0	8.45360824742268	182.02787987449574	pass	pass	fail	pass	fail	fail	pass	warn	fail	fail	pass
