84_S84_L001_R1_001.fastq.gz
13000
84_S84_L001_R2_001.fastq.gz
13000
92_S92_L001_R1_001.fastq.gz
13000
92_S92_L001_R2_001.fastq.gz
13000
